// Jest Snapshot v1, https://goo.gl/fbAQLP

exports[`Table renders correctly 1`] = `
<styled.div>
  <styled.table>
    <tbody>
      <styled.tr
        key="row-0"
      >
        <TableCell
          cell={
            Object {
              "item": Object {
                "name": "Item 1",
              },
              "layout": Object {
                "colspan": 2,
                "rowspan": 1,
              },
            }
          }
          key="cell-0-0"
          totalColSpan={4}
        />
        <TableCell
          cell={
            Object {
              "item": Object {
                "name": "Item 2",
              },
              "layout": Object {
                "colspan": 2,
                "rowspan": 1,
              },
            }
          }
          key="cell-0-1"
          totalColSpan={4}
        />
      </styled.tr>
      <styled.tr
        key="row-1"
      >
        <TableCell
          cell={
            Object {
              "item": Object {
                "name": "Item 3",
              },
              "layout": Object {
                "colspan": 4,
                "rowspan": 1,
              },
            }
          }
          key="cell-1-0"
          totalColSpan={4}
        />
      </styled.tr>
    </tbody>
  </styled.table>
</styled.div>
`;
